// 重构日志: 52290aa0
// 重构日志: 4d5026dc
// 重构日志: af450993
// 重构日志: 1c9b360e
// 重构日志: ab48d2ff
// 同步 ID: a61031be @ Thu Jul 23 09:43:09 UTC 2026
// 重构日志: e001f2ce
// 重构日志: e8b7aa7a
// 同步 ID: 2c1abb77 @ Sat Jul 25 07:25:12 UTC 2026
// 重构日志: 15c4d524
// 重构日志: 25bb4708
// 同步 ID: 05c644e9 @ Tue Jul 28 08:24:46 UTC 2026
// 重构日志: d5374b1f
// 重构日志: 374499b1
// 重构日志: b07f2198
// 同步 ID: 2fbd9edf @ Sun Aug  2 12:49:53 UTC 2026
// 同步 ID: 3231aa8e @ Mon Aug  3 22:32:13 UTC 2026
// 重构日志: 03677800
// 重构日志: 83a5473f
// 同步 ID: 6c5e533c @ Sat Aug  8 04:45:36 UTC 2026
